[2026-10-05 22:07:30,631] Agamemnon/INFO/locust.main: Starting Locust 2.43.4
[2026-10-05 22:07:30,631] Agamemnon/INFO/locust.main: Run time limit set to 20 seconds
Type     Name                                                                          # reqs      # fails |    Avg     Min     Max    Med |   req/s  failures/s
--------|----------------------------------------------------------------------------|-------|-------------|-------|-------|-------|-------|--------|-----------
--------|----------------------------------------------------------------------------|-------|-------------|-------|-------|-------|-------|--------|-----------
         Aggregated                                                                         0     0(0.00%) |      0       0       0      0 |    0.00        0.00

[2026-10-05 22:07:30,632] Agamemnon/INFO/locust.runners: Ramping to 20 users at a rate of 20.00 per second
[2026-10-05 22:07:30,632] Agamemnon/INFO/locust.runners: All users spawned: {"LogisticsClient": 20} (20 total users)
Type     Name                                                                          # reqs      # fails |    Avg     Min     Max    Med |   req/s  failures/s
--------|----------------------------------------------------------------------------|-------|-------------|-------|-------|-------|-------|--------|-----------
GET      /logistics/error -> fallback                                                    6680     0(0.00%) |      2       1      23      3 |    0.00        0.00
GET      /logistics/fast                                                                 1387     0(0.00%) |      2       1      23      3 |    0.00        0.00
GET      /logistics/slow -> 3s timeout fallback                                          1322     0(0.00%) |      2       1      23      3 |    0.00        0.00
--------|----------------------------------------------------------------------------|-------|-------------|-------|-------|-------|-------|--------|-----------
         Aggregated                                                                      9389     0(0.00%) |      2       1      23      3 |    0.00        0.00

Type     Name                                                                          # reqs      # fails |    Avg     Min     Max    Med |   req/s  failures/s
--------|----------------------------------------------------------------------------|-------|-------------|-------|-------|-------|-------|--------|-----------
GET      /logistics/error -> fallback                                                   13453     0(0.00%) |      2       1      23      3 | 2321.50        0.00
GET      /logistics/fast                                                                 2746     0(0.00%) |      2       1      23      3 |  480.50        0.00
GET      /logistics/slow -> 3s timeout fallback                                          2672     0(0.00%) |      4       1    3010      3 |  460.50        0.00
--------|----------------------------------------------------------------------------|-------|-------------|-------|-------|-------|-------|--------|-----------
         Aggregated                                                                     18871     0(0.00%) |      3       1    3010      3 | 3262.50        0.00

Type     Name                                                                          # reqs      # fails |    Avg     Min     Max    Med |   req/s  failures/s
--------|----------------------------------------------------------------------------|-------|-------------|-------|-------|-------|-------|--------|-----------
GET      /logistics/error -> fallback                                                   20362     0(0.00%) |      2       1      23      3 | 2824.00        0.00
GET      /logistics/fast                                                                 4067     0(0.00%) |      2       1      23      3 |  582.50        0.00
GET      /logistics/slow -> 3s timeout fallback                                          4010     0(0.00%) |      3       1    3010      3 |  561.50        0.00
--------|----------------------------------------------------------------------------|-------|-------------|-------|-------|-------|-------|--------|-----------
         Aggregated                                                                     28439     0(0.00%) |      3       1    3010      3 | 3968.00        0.00

Type     Name                                                                          # reqs      # fails |    Avg     Min     Max    Med |   req/s  failures/s
--------|----------------------------------------------------------------------------|-------|-------------|-------|-------|-------|-------|--------|-----------
GET      /logistics/error -> fallback                                                   27099     0(0.00%) |      2       1      23      3 | 3024.83        0.00
GET      /logistics/fast                                                                 5406     0(0.00%) |      2       1      23      3 |  607.83        0.00
GET      /logistics/slow -> 3s timeout fallback                                          5404     0(0.00%) |      3       1    3010      3 |  596.33        0.00
--------|----------------------------------------------------------------------------|-------|-------------|-------|-------|-------|-------|--------|-----------
         Aggregated                                                                     37909     0(0.00%) |      3       1    3010      3 | 4229.00        0.00

Type     Name                                                                          # reqs      # fails |    Avg     Min     Max    Med |   req/s  failures/s
--------|----------------------------------------------------------------------------|-------|-------------|-------|-------|-------|-------|--------|-----------
GET      /logistics/error -> fallback                                                   33861     0(0.00%) |      2       1      23      3 | 3116.75        0.00
GET      /logistics/fast                                                                 6682     0(0.00%) |      2       1      23      3 |  624.38        0.00
GET      /logistics/slow -> 3s timeout fallback                                          6718     0(0.00%) |      3       1    3010      3 |  617.75        0.00
--------|----------------------------------------------------------------------------|-------|-------------|-------|-------|-------|-------|--------|-----------
         Aggregated                                                                     47261     0(0.00%) |      3       1    3010      3 | 4358.88        0.00

Type     Name                                                                          # reqs      # fails |    Avg     Min     Max    Med |   req/s  failures/s
--------|----------------------------------------------------------------------------|-------|-------------|-------|-------|-------|-------|--------|-----------
GET      /logistics/error -> fallback                                                   40553     0(0.00%) |      2       1      23      3 | 3173.50        0.00
GET      /logistics/fast                                                                 8085     0(0.00%) |      2       1      23      3 |  629.10        0.00
GET      /logistics/slow -> 3s timeout fallback                                          8052     0(0.00%) |      3       1    3010      3 |  632.70        0.00
--------|----------------------------------------------------------------------------|-------|-------------|-------|-------|-------|-------|--------|-----------
         Aggregated                                                                     56690     0(0.00%) |      3       1    3010      3 | 4435.30        0.00

Type     Name                                                                          # reqs      # fails |    Avg     Min     Max    Med |   req/s  failures/s
--------|----------------------------------------------------------------------------|-------|-------------|-------|-------|-------|-------|--------|-----------
GET      /logistics/error -> fallback                                                   47202     0(0.00%) |      2       1      23      3 | 3370.40        0.00
GET      /logistics/fast                                                                 9424     0(0.00%) |      2       1      23      3 |  668.90        0.00
GET      /logistics/slow -> 3s timeout fallback                                          9360     0(0.00%) |      3       1    3010      3 |  671.10        0.00
--------|----------------------------------------------------------------------------|-------|-------------|-------|-------|-------|-------|--------|-----------
         Aggregated                                                                     65986     0(0.00%) |      3       1    3010      3 | 4710.40        0.00

Type     Name                                                                          # reqs      # fails |    Avg     Min     Max    Med |   req/s  failures/s
--------|----------------------------------------------------------------------------|-------|-------------|-------|-------|-------|-------|--------|-----------
GET      /logistics/error -> fallback                                                   53967     0(0.00%) |      2       1      23      3 | 3378.80        0.00
GET      /logistics/fast                                                                10856     0(0.00%) |      2       1      23      3 |  666.30        0.00
GET      /logistics/slow -> 3s timeout fallback                                         10702     0(0.00%) |      3       1    3010      3 |  666.70        0.00
--------|----------------------------------------------------------------------------|-------|-------------|-------|-------|-------|-------|--------|-----------
         Aggregated                                                                     75525     0(0.00%) |      3       1    3010      3 | 4711.80        0.00

Type     Name                                                                          # reqs      # fails |    Avg     Min     Max    Med |   req/s  failures/s
--------|----------------------------------------------------------------------------|-------|-------------|-------|-------|-------|-------|--------|-----------
GET      /logistics/error -> fallback                                                   60751     0(0.00%) |      2       1      23      3 | 3365.60        0.00
GET      /logistics/fast                                                                12225     0(0.00%) |      2       1      23      3 |  673.60        0.00
GET      /logistics/slow -> 3s timeout fallback                                         12022     0(0.00%) |      3       1    3010      3 |  669.00        0.00
--------|----------------------------------------------------------------------------|-------|-------------|-------|-------|-------|-------|--------|-----------
         Aggregated                                                                     84998     0(0.00%) |      3       1    3010      3 | 4708.20        0.00
-MacBook-Air
[2026-10-05 22:07:50,482] Agamemnon/INFO/locust.main: --run-time limit reached, shutting down
[2026-10-05 22:07:50,501] Agamemnon/INFO/locust.main: Shutting down (exit code 0)
Type     Name                                                                          # reqs      # fails |    Avg     Min     Max    Med |   req/s  failures/s
--------|----------------------------------------------------------------------------|-------|-------------|-------|-------|-------|-------|--------|-----------
GET      /logistics/error -> fallback                                                   67053     0(0.00%) |      2       1      23      3 | 3374.82        0.00
GET      /logistics/fast                                                                13466     0(0.00%) |      2       1      23      3 |  677.75        0.00
GET      /logistics/slow -> 3s timeout fallback                                         13247     0(0.00%) |      3       1    3010      3 |  666.73        0.00
--------|----------------------------------------------------------------------------|-------|-------------|-------|-------|-------|-------|--------|-----------
         Aggregated                                                                     93766     0(0.00%) |      3       1    3010      3 | 4719.30        0.00

Response time percentiles (approximated)
Type     Name                                                                                  50%    66%    75%    80%    90%    95%    98%    99%  99.9% 99.99%   100% # reqs
--------|--------------------------------------------------------------------------------|--------|------|------|------|------|------|------|------|------|------|------|------
GET      /logistics/error -> fallback                                                            3      3      3      3      3      4      4      4     12     24     24  67053
GET      /logistics/fast                                                                         3      3      3      3      3      4      4      4     12     23     24  13466
GET      /logistics/slow -> 3s timeout fallback                                                  3      3      3      3      3      4      4      4     12     24   3000  13247
--------|--------------------------------------------------------------------------------|--------|------|------|------|------|------|------|------|------|------|------|------
         Aggregated   
