[2026-10-05 21:40:19,515] Agamemnon/INFO/locust.main: Starting Locust 2.43.4
[2026-10-05 21:40:19,516] Agamemnon/INFO/locust.main: Run time limit set to 20 seconds
Type     Name                                                                          # reqs      # fails |    Avg     Min     Max    Med |   req/s  failures/s
--------|----------------------------------------------------------------------------|-------|-------------|-------|-------|-------|-------|--------|-----------
--------|----------------------------------------------------------------------------|-------|-------------|-------|-------|-------|-------|--------|-----------
         Aggregated                                                                         0     0(0.00%) |      0       0       0      0 |    0.00        0.00

[2026-10-05 21:40:19,516] Agamemnon/WARNING/locust.runners: Your selected spawn rate is very high (>100), and this is known to sometimes cause issues. Do you really need to ramp up that fast?
[2026-10-05 21:40:19,516] Agamemnon/INFO/locust.runners: Ramping to 200 users at a rate of 200.00 per second
[2026-10-05 21:40:19,522] Agamemnon/INFO/locust.runners: All users spawned: {"MobileClient": 100, "WebClient": 100} (200 total users)
Type     Name                                                                          # reqs      # fails |    Avg     Min     Max    Med |   req/s  failures/s
--------|----------------------------------------------------------------------------|-------|-------------|-------|-------|-------|-------|--------|-----------
GET      /api/ [mobile]                                                                  4348 4259(97.95%) |     16       5      50     16 |    0.00        0.00
GET      /api/ [web]                                                                     4150 4002(96.43%) |     17      10     232     15 |    0.00        0.00
--------|----------------------------------------------------------------------------|-------|-------------|-------|-------|-------|-------|--------|-----------
         Aggregated                                                                      8498 8261(97.21%) |     17       5     232     15 |    0.00        0.00

Type     Name                                                                          # reqs      # fails |    Avg     Min     Max    Med |   req/s  failures/s
--------|----------------------------------------------------------------------------|-------|-------------|-------|-------|-------|-------|--------|-----------
GET      /api/ [mobile]                                                                  8713 8564(98.29%) |     16       5      50     16 | 1624.00     1587.50
GET      /api/ [web]                                                                     8485 8237(97.08%) |     16      10     232     15 | 1525.00     1464.00
--------|----------------------------------------------------------------------------|-------|-------------|-------|-------|-------|-------|--------|-----------
         Aggregated                                                                     17198 16801(97.69%) |     16       5     232     16 | 3149.00     3051.50

Type     Name                                                                          # reqs      # fails |    Avg     Min     Max    Med |   req/s  failures/s
--------|----------------------------------------------------------------------------|-------|-------------|-------|-------|-------|-------|--------|-----------
GET      /api/ [mobile]                                                                 13048 12839(98.40%) |     16       5      50     16 | 1894.25     1860.75
GET      /api/ [web]                                                                    12850 12502(97.29%) |     16       7     232     15 | 1837.50     1782.00
--------|----------------------------------------------------------------------------|-------|-------------|-------|-------|-------|-------|--------|-----------
         Aggregated                                                                     25898 25341(97.85%) |     16       5     232     16 | 3731.75     3642.75

Type     Name                                                                          # reqs      # fails |    Avg     Min     Max    Med |   req/s  failures/s
--------|----------------------------------------------------------------------------|-------|-------------|-------|-------|-------|-------|--------|-----------
GET      /api/ [mobile]                                                                 17313 17044(98.45%) |     16       5      50     16 | 1985.50     1953.33
GET      /api/ [web]                                                                    17085 16637(97.38%) |     16       7     232     15 | 1947.50     1893.83
--------|----------------------------------------------------------------------------|-------|-------------|-------|-------|-------|-------|--------|-----------
         Aggregated                                                                     34398 33681(97.92%) |     16       5     232     16 | 3933.00     3847.17

Type     Name                                                                          # reqs      # fails |    Avg     Min     Max    Med |   req/s  failures/s
--------|----------------------------------------------------------------------------|-------|-------------|-------|-------|-------|-------|--------|-----------
GET      /api/ [mobile]                                                                 21613 21284(98.48%) |     16       5      50     16 | 2024.38     1992.62
GET      /api/ [web]                                                                    21385 20837(97.44%) |     16       7     232     15 | 1995.25     1942.50
--------|----------------------------------------------------------------------------|-------|-------------|-------|-------|-------|-------|--------|-----------
         Aggregated                                                                     42998 42121(97.96%) |     16       5     232     16 | 4019.62     3935.12

Type     Name                                                                          # reqs      # fails |    Avg     Min     Max    Med |   req/s  failures/s
--------|----------------------------------------------------------------------------|-------|-------------|-------|-------|-------|-------|--------|-----------
GET      /api/ [mobile]                                                                 25986 25597(98.50%) |     16       5      50     16 | 2051.30     2019.90
GET      /api/ [web]                                                                    25762 25114(97.48%) |     16       7     232     15 | 2028.50     1976.30
--------|----------------------------------------------------------------------------|-------|-------------|-------|-------|-------|-------|--------|-----------
         Aggregated                                                                     51748 50711(98.00%) |     16       5     232     16 | 4079.80     3996.20

Type     Name                                                                          # reqs      # fails |    Avg     Min     Max    Med |   req/s  failures/s
--------|----------------------------------------------------------------------------|-------|-------------|-------|-------|-------|-------|--------|-----------
GET      /api/ [mobile]                                                                 30286 29837(98.52%) |     16       5      50     16 | 2156.50     2126.50
GET      /api/ [web]                                                                    30062 29313(97.51%) |     16       7     232     15 | 2153.50     2103.50
--------|----------------------------------------------------------------------------|-------|-------------|-------|-------|-------|-------|--------|-----------
         Aggregated                                                                     60348 59150(98.01%) |     16       5     232     16 | 4310.00     4230.00

Type     Name                                                                          # reqs      # fails |    Avg     Min     Max    Med |   req/s  failures/s
--------|----------------------------------------------------------------------------|-------|-------------|-------|-------|-------|-------|--------|-----------
GET      /api/ [mobile]                                                                 34586 34076(98.53%) |     16       5      50     16 | 2153.60     2123.70
GET      /api/ [web]                                                                    34362 33513(97.53%) |     16       7     232     15 | 2153.50     2103.50
--------|----------------------------------------------------------------------------|-------|-------------|-------|-------|-------|-------|--------|-----------
         Aggregated                                                                     68948 67589(98.03%) |     16       5     232     16 | 4307.10     4227.20

Type     Name                                                                          # reqs      # fails |    Avg     Min     Max    Med |   req/s  failures/s
--------|----------------------------------------------------------------------------|-------|-------------|-------|-------|-------|-------|--------|-----------
GET      /api/ [mobile]                                                                 38913 38343(98.54%) |     16       5      50     16 | 2151.70     2121.60
GET      /api/ [web]                                                                    38685 37736(97.55%) |     15       7     232     15 | 2153.00     2103.00
--------|----------------------------------------------------------------------------|-------|-------------|-------|-------|-------|-------|--------|-----------
         Aggregated                                                                     77598 76079(98.04%) |     16       5     232     16 | 4304.70     4224.60

[2026-10-05 21:40:39,362]  Agamemnon/INFO/locust.main: --run-time limit reached, shutting down
[2026-10-05 21:40:39,429]  Agamemnon/INFO/locust.main: Shutting down (exit code 1)
Type     Name                                                                          # reqs      # fails |    Avg     Min     Max    Med |   req/s  failures/s
--------|----------------------------------------------------------------------------|-------|-------------|-------|-------|-------|-------|--------|-----------
GET      /api/ [mobile]                                                                 42909 42283(98.54%) |     16       5      50     16 | 2155.20     2123.76
GET      /api/ [web]                                                                    42677 41633(97.55%) |     15       7     232     15 | 2143.55     2091.11
--------|----------------------------------------------------------------------------|-------|-------------|-------|-------|-------|-------|--------|-----------
         Aggregated                                                                     85586 83916(98.05%) |     16       5     232     16 | 4298.74     4214.87

Response time percentiles (approximated)
Type     Name                                                                                  50%    66%    75%    80%    90%    95%    98%    99%  99.9% 99.99%   100% # reqs
--------|--------------------------------------------------------------------------------|--------|------|------|------|------|------|------|------|------|------|------|------
GET      /api/ [mobile]                                                                         16     16     16     16     17     17     25     27     48     51     51  42909
GET      /api/ [web]                                                                            15     16     16     16     16     17     21     26    140    230    230  42677
--------|--------------------------------------------------------------------------------|--------|------|------|------|------|------|------|------|------|------|------|------
         Aggregated                                                                             16     16     16     16     16     17     24     26     49    230    230  85586

Error report
# occurrences      Error                                                                                               
------------------|---------------------------------------------------------------------------------------------------------------------------------------------
42283              GET /api/ [mobile]: HTTPError('429 Client Error: Too Many Requests for url: /api/ [mobile]')        
41633              GET /api/ [web]: HTTPError('429 Client Error: Too Many Requests for url: /api/ [web]')              
------------------|---------------------------------------------------------------------------------------------------------------------------------------------
