# RPS HPA final scaled state
2026-10-05T18:28:06Z
NAME               REFERENCE                 TARGETS     MINPODS   MAXPODS   REPLICAS   AGE
scaletestapp-rps   Deployment/scaletestapp   296362m/5   1         10        10         4m27s
NAME           READY   UP-TO-DATE   AVAILABLE   AGE
scaletestapp   10/10   10           10          17m
NAME                            READY   STATUS    RESTARTS        AGE   IP            NODE       NOMINATED NODE   READINESS GATES
scaletestapp-57f4f8b89f-5284x   1/1     Running   1 (9m50s ago)   13m   10.244.0.40   minikube   <none>           <none>
scaletestapp-57f4f8b89f-8wml4   1/1     Running   0               87s   10.244.0.50   minikube   <none>           <none>
scaletestapp-57f4f8b89f-c7vrr   1/1     Running   0               87s   10.244.0.49   minikube   <none>           <none>
scaletestapp-57f4f8b89f-dwgx2   1/1     Running   0               57s   10.244.0.53   minikube   <none>           <none>
scaletestapp-57f4f8b89f-j4mb4   1/1     Running   0               57s   10.244.0.55   minikube   <none>           <none>
scaletestapp-57f4f8b89f-m5gw9   1/1     Running   0               87s   10.244.0.52   minikube   <none>           <none>
scaletestapp-57f4f8b89f-mz7bv   1/1     Running   0               57s   10.244.0.54   minikube   <none>           <none>
scaletestapp-57f4f8b89f-ntm5j   1/1     Running   0               87s   10.244.0.51   minikube   <none>           <none>
scaletestapp-57f4f8b89f-tr22v   1/1     Running   0               57s   10.244.0.57   minikube   <none>           <none>
scaletestapp-57f4f8b89f-trzmz   1/1     Running   0               57s   10.244.0.56   minikube   <none>           <none>
57s         Normal    SuccessfulCreate               replicaset/scaletestapp-57f4f8b89f            Created pod: scaletestapp-57f4f8b89f-dwgx2
57s         Normal    SuccessfulCreate               replicaset/scaletestapp-57f4f8b89f            Created pod: scaletestapp-57f4f8b89f-mz7bv
57s         Normal    SuccessfulCreate               replicaset/scaletestapp-57f4f8b89f            (combined from similar events): Created pod: scaletestapp-57f4f8b89f-j4mb4
57s         Normal    ScalingReplicaSet              deployment/scaletestapp                       Scaled up replica set scaletestapp-57f4f8b89f from 5 to 10
56s         Normal    Scheduled                      pod/scaletestapp-57f4f8b89f-j4mb4             Successfully assigned scaletest/scaletestapp-57f4f8b89f-j4mb4 to minikube
56s         Normal    Scheduled                      pod/scaletestapp-57f4f8b89f-mz7bv             Successfully assigned scaletest/scaletestapp-57f4f8b89f-mz7bv to minikube
56s         Normal    Scheduled                      pod/scaletestapp-57f4f8b89f-trzmz             Successfully assigned scaletest/scaletestapp-57f4f8b89f-trzmz to minikube
56s         Normal    Scheduled                      pod/scaletestapp-57f4f8b89f-dwgx2             Successfully assigned scaletest/scaletestapp-57f4f8b89f-dwgx2 to minikube
56s         Normal    Scheduled                      pod/scaletestapp-57f4f8b89f-tr22v             Successfully assigned scaletest/scaletestapp-57f4f8b89f-tr22v to minikube
57s         Normal    SuccessfulCreate               replicaset/scaletestapp-57f4f8b89f            Created pod: scaletestapp-57f4f8b89f-tr22v
56s         Normal    Started                        pod/scaletestapp-57f4f8b89f-trzmz             Container started
56s         Normal    Started                        pod/scaletestapp-57f4f8b89f-dwgx2             Container started
56s         Normal    Pulled                         pod/scaletestapp-57f4f8b89f-j4mb4             Container image "ghcr.io/yandex-practicum/scaletestapp@sha256:7273dd1ffd1c1a29a307eb299b949f71828952b90dee42a5b26b052e92793452" already present on machine and can be accessed by the pod
56s         Normal    Started                        pod/scaletestapp-57f4f8b89f-j4mb4             Container started
56s         Normal    Created                        pod/scaletestapp-57f4f8b89f-dwgx2             Container created
56s         Normal    Pulled                         pod/scaletestapp-57f4f8b89f-dwgx2             Container image "ghcr.io/yandex-practicum/scaletestapp@sha256:7273dd1ffd1c1a29a307eb299b949f71828952b90dee42a5b26b052e92793452" already present on machine and can be accessed by the pod
56s         Normal    Started                        pod/scaletestapp-57f4f8b89f-mz7bv             Container started
56s         Normal    Created                        pod/scaletestapp-57f4f8b89f-j4mb4             Container created
56s         Normal    Pulled                         pod/scaletestapp-57f4f8b89f-tr22v             Container image "ghcr.io/yandex-practicum/scaletestapp@sha256:7273dd1ffd1c1a29a307eb299b949f71828952b90dee42a5b26b052e92793452" already present on machine and can be accessed by the pod
56s         Normal    Created                        pod/scaletestapp-57f4f8b89f-tr22v             Container created
56s         Normal    Started                        pod/scaletestapp-57f4f8b89f-tr22v             Container started
56s         Normal    Pulled                         pod/scaletestapp-57f4f8b89f-mz7bv             Container image "ghcr.io/yandex-practicum/scaletestapp@sha256:7273dd1ffd1c1a29a307eb299b949f71828952b90dee42a5b26b052e92793452" already present on machine and can be accessed by the pod
56s         Normal    Created                        pod/scaletestapp-57f4f8b89f-trzmz             Container created
56s         Normal    Pulled                         pod/scaletestapp-57f4f8b89f-trzmz             Container image "ghcr.io/yandex-practicum/scaletestapp@sha256:7273dd1ffd1c1a29a307eb299b949f71828952b90dee42a5b26b052e92793452" already present on machine and can be accessed by the pod
56s         Normal    Created                        pod/scaletestapp-57f4f8b89f-mz7bv             Container created
Name:                                  scaletestapp-rps
Namespace:                             scaletest
Labels:                                <none>
Annotations:                           <none>
CreationTimestamp:                     Tue, 05 Oct 2026 21:23:39 +0300
Reference:                             Deployment/scaletestapp
Metrics:                               ( current / target )
  "http_requests_per_second" on pods:  83327m / 5
Min replicas:                          1
Max replicas:                          10
Behavior:
  Scale Up:
    Stabilization Window: 0 seconds
    Select Policy: Max
    Policies:
      - Type: Percent  Value: 200  Period: 30 seconds
      - Type: Pods     Value: 4    Period: 30 seconds
  Scale Down:
    Stabilization Window: 180 seconds
    Select Policy: Max
    Policies:
      - Type: Percent  Value: 50  Period: 60 seconds
Deployment pods:       10 current / 10 desired
Conditions:
  Type            Status  Reason            Message
  ----            ------  ------            -------
  AbleToScale     True    ReadyForNewScale  recommended size matches current size
  ScalingActive   True    ValidMetricFound  the HPA was able to successfully calculate a replica count from pods metric http_requests_per_second
  ScalingLimited  True    TooManyReplicas   the desired replica count is more than the maximum replica count
Events:
  Type     Reason                        Age                    From                       Message
  ----     ------                        ----                   ----                       -------
  Warning  FailedGetPodsMetric           107s (x11 over 4m17s)  horizontal-pod-autoscaler  unable to get metric http_requests_per_second: no metrics returned from custom metrics API
  Warning  FailedComputeMetricsReplicas  107s (x11 over 4m17s)  horizontal-pod-autoscaler  invalid metrics (1 invalid out of 1), first error is: failed to get pods metric value: unable to get metric http_requests_per_second: no metrics returned from custom metrics API
  Normal   SuccessfulRescale             92s                    horizontal-pod-autoscaler  New size: 5; reason: pods metric http_requests_per_second above target
  Normal   SuccessfulRescale             62s                    horizontal-pod-autoscaler  New size: 10; reason: pods metric http_requests_per_second above target
